Ran 42 test suites in 32.50s (109.73s CPU time): 831 tests passed, 28 failed, 0 skipped (859 total tests)

Failing tests:
Encountered 13 failing tests in test/MinerPoolAndGCA/MinerPoolAndGCA.GuardedLaunch.t.sol:MinerPoolAndGCAGuardedLaunchTest
[FAIL. Reason: EvmError: Revert] test_guarded_ClaimingShouldSetBitmap() (gas: 564916)
[FAIL. Reason: EvmError: Revert] test_guarded_CreateClaimLeafProof() (gas: 219240)
[FAIL. Reason: call reverted as expected, but without data] test_guarded_claimReward_indexOutOfBounds_shouldRevert() (gas: 834983)
[FAIL. Reason: EvmError: Revert] test_guarded_withdrawFromBucket() (gas: 415283)
[FAIL. Reason: EvmError: Revert] test_guarded_withdrawFromBucket_SingleAddressShouldRecoverAllGlow() (gas: 261334)
[FAIL. Reason: EvmError: Revert] test_guarded_withdrawFromBucket_glwWeightsInTwoTransactions_gtBucketGlobalState_shouldRevertOnSecond() (gas: 566101)
[FAIL. Reason: call reverted as expected, but without data] test_guarded_withdrawFromBucket_senderNotUser_shouldNotClaimGRCTokens() (gas: 683945)
[FAIL. Reason: EvmError: Revert] test_guarded_withdrawFromBucket_senderNotUser_validSig_shouldClaimGRCTokens() (gas: 691375)
[FAIL. Reason: EvmError: Revert] test_guarded_withdrawFromBucket_shouldAddToHoldings() (gas: 683653)
[FAIL. Reason: call reverted as expected, but without data] test_guarded_withdrawFromBucket_usdcWeightGreaterThan_totalWeight_shouldRevert() (gas: 529392)
[FAIL. Reason: EvmError: Revert] test_guarded_withdrawFromBucket_usdcWeightsInTwoTransactions_gtBucketGlobalState_shouldRevertOnSecond() (gas: 566144)
[FAIL. Reason: call reverted as expected, but without data] test_guarded_withdrawFromBucket_weightGreaterThan_totalWeight_shouldRevert() (gas: 529446)
[FAIL. Reason: EvmError: Revert] test_guarded_withdrawTwice_ShouldRevert() (gas: 417457)

Encountered 15 failing tests in test/MinerPoolAndGCA/MinerPoolAndGCA.t.sol:MinerPoolAndGCATest
[FAIL. Reason: EvmError: Revert] test_ClaimingShouldSetBitmap() (gas: 564913)
[FAIL. Reason: EvmError: Revert] test_CreateClaimLeafProof() (gas: 219198)
[FAIL. Reason: call reverted as expected, but without data] test_claimReward_indexOutOfBounds_shouldRevert() (gas: 834995)
[FAIL. Reason: EvmError: Revert] test_withdrawFromBucket() (gas: 415323)
[FAIL. Reason: EvmError: Revert] test_withdrawFromBucket_SingleAddressShouldRecoverAllGlow() (gas: 261350)
[FAIL. Reason: EvmError: Revert] test_withdrawFromBucket_after208PeriodsOfNotBeingInitialized() (gas: 618960)
[FAIL. Reason: EvmError: Revert] test_withdrawFromBucket_glwWeightsInTwoTransactions_gtBucketGlobalState_shouldRevertOnSecond() (gas: 501668)
[FAIL. Reason: call reverted as expected, but without data] test_withdrawFromBucket_senderNotUser_shouldNotClaimGRCTokens() (gas: 619532)
[FAIL. Reason: EvmError: Revert] test_withdrawFromBucket_senderNotUser_validSig_shouldClaimGRCTokens() (gas: 626920)
[FAIL. Reason: EvmError: Revert] test_withdrawFromBucket_shouldAddToHoldings() (gas: 619196)
[FAIL. Reason: call reverted as expected, but without data] test_withdrawFromBucket_usdcWeightGreaterThan_totalWeight_shouldRevert() (gas: 464932)
[FAIL. Reason: EvmError: Revert] test_withdrawFromBucket_usdcWeightsInTwoTransactions_gtBucketGlobalState_shouldRevertOnSecond() (gas: 501667)
[FAIL. Reason: call reverted as expected, but without data] test_withdrawFromBucket_weightGreaterThan_totalWeight_shouldRevert() (gas: 464942)
[FAIL. Reason: EvmError: Revert] test_withdrawFromBucket_zeroGCC() (gas: 415258)
[FAIL. Reason: EvmError: Revert] test_withdrawTwice_ShouldRevert() (gas: 417474)